---
http_interactions:
- request:
    method: post
    uri: https://api.hubapi.com/companies/v2/properties?hapikey=<HAPI_KEY>
    body:
      encoding: UTF-8
      string: '{"name":"fax_number","groupName":"companyinformation","type":"string","label":"fax
        number label","options":[]}'
    headers:
      Content-Type:
      - application/json
  response:
    status:
      code: 200
      message: OK
    headers:
      Date:
      - Wed, 12 Dec 2018 19:55:42 GMT
      Content-Type:
      - application/json;charset=utf-8
      Content-Length:
      - '762'
      Connection:
      - keep-alive
      Set-Cookie:
      - __cfduid=d852f8dfe280973f04b67c01e096fe9dc1544644542; expires=Thu, 12-Dec-19
        19:55:42 GMT; path=/; domain=.hubapi.com; HttpOnly
      X-Trace:
      - 2B4371ADF4DD890D6AD2CA403873E25443B9FACCDB000000000000000000
      Vary:
      - Accept-Encoding
      Access-Control-Allow-Credentials:
      - 'false'
      Strict-Transport-Security:
      - max-age=31536000; includeSubDomains; preload
      Expect-Ct:
      - max-age=604800, report-uri="https://report-uri.cloudflare.com/cdn-cgi/beacon/expect-ct"
      Server:
      - cloudflare
      Cf-Ray:
      - 4882c0076ed35a92-BOS
    body:
      encoding: UTF-8
      string: '{"name":"fax_number","label":"fax number label","description":"","groupName":"companyinformation","type":"string","fieldType":"","options":[],"hidden":false,"deleted":false,"hubspotDefined":null,"readOnlyDefinition":false,"showCurrencySymbol":null,"createdAt":1544542448040,"formField":false,"displayOrder":-1,"readOnlyValue":false,"mutableDefinitionNotDeletable":false,"favorited":false,"favoritedOrder":-1,"calculated":false,"externalOptions":false,"displayMode":"current_value","createdUserId":null,"textDisplayHint":null,"numberDisplayHint":null,"optionsAreMutable":null,"referencedObjectType":null,"updatedAt":1544644542648,"isCustomizedDefault":false,"searchableInGlobalSearch":false,"currencyPropertyName":null,"hasUniqueValue":false,"updatedUserId":null}'
    http_version: 
  recorded_at: Wed, 12 Dec 2018 19:55:42 GMT
- request:
    method: put
    uri: https://api.hubapi.com/companies/v2/properties/named/fax_number?hapikey=<HAPI_KEY>
    body:
      encoding: UTF-8
      string: '{"groupName":"companyinformation","type":"string","label":"new fax
        number label","options":[]}'
    headers:
      Content-Type:
      - application/json
  response:
    status:
      code: 200
      message: OK
    headers:
      Date:
      - Wed, 12 Dec 2018 19:55:42 GMT
      Content-Type:
      - application/json;charset=utf-8
      Content-Length:
      - '747'
      Connection:
      - keep-alive
      Set-Cookie:
      - __cfduid=d44341da2e87d096e598f8b764f80fed51544644542; expires=Thu, 12-Dec-19
        19:55:42 GMT; path=/; domain=.hubapi.com; HttpOnly
      X-Trace:
      - 2B798A1757935BD9FE79F0626CB9E0185F8FC6738D000000000000000000
      Vary:
      - Accept-Encoding
      Access-Control-Allow-Credentials:
      - 'false'
      Strict-Transport-Security:
      - max-age=31536000; includeSubDomains; preload
      Expect-Ct:
      - max-age=604800, report-uri="https://report-uri.cloudflare.com/cdn-cgi/beacon/expect-ct"
      Server:
      - cloudflare
      Cf-Ray:
      - 4882c008899a5a2c-BOS
    body:
      encoding: UTF-8
      string: '{"name":"fax_number","label":"new fax number label","description":"","groupName":"companyinformation","type":"string","fieldType":"","hidden":false,"options":[],"showCurrencySymbol":null,"deleted":null,"currencyPropertyName":null,"displayOrder":-1,"hubspotDefined":null,"readOnlyDefinition":false,"readOnlyValue":false,"calculated":false,"createdAt":null,"mutableDefinitionNotDeletable":false,"favorited":false,"favoritedOrder":-1,"externalOptions":false,"displayMode":"current_value","createdUserId":null,"textDisplayHint":null,"numberDisplayHint":null,"optionsAreMutable":null,"referencedObjectType":null,"updatedAt":null,"isCustomizedDefault":false,"searchableInGlobalSearch":false,"hasUniqueValue":false,"formField":false,"updatedUserId":null}'
    http_version: 
  recorded_at: Wed, 12 Dec 2018 19:55:42 GMT
- request:
    method: delete
    uri: https://api.hubapi.com/companies/v2/properties/named/fax_number?hapikey=<HAPI_KEY>
    body:
      encoding: US-ASCII
      string: ''
    headers: {}
  response:
    status:
      code: 204
      message: No Content
    headers:
      Date:
      - Wed, 12 Dec 2018 19:55:43 GMT
      Connection:
      - keep-alive
      Set-Cookie:
      - __cfduid=db8194bff40187bcf0d0f30b3f5d4ee961544644542; expires=Thu, 12-Dec-19
        19:55:42 GMT; path=/; domain=.hubapi.com; HttpOnly
      X-Trace:
      - 2B54F6E8BAEAAF15E0B903926F8370AD3392643D65000000000000000000
      Access-Control-Allow-Credentials:
      - 'false'
      Strict-Transport-Security:
      - max-age=31536000; includeSubDomains; preload
      Expect-Ct:
      - max-age=604800, report-uri="https://report-uri.cloudflare.com/cdn-cgi/beacon/expect-ct"
      Server:
      - cloudflare
      Cf-Ray:
      - 4882c0096ae95a44-BOS
    body:
      encoding: UTF-8
      string: ''
    http_version: 
  recorded_at: Wed, 12 Dec 2018 19:55:43 GMT
recorded_with: VCR 4.0.0
