---
http_interactions:
- request:
    method: get
    uri: https://api.hubapi.com/contacts/v1/lists/all/contacts/all?hapikey=demo
    body:
      encoding: US-ASCII
      string: ''
    headers: {}
  response:
    status:
      code: 200
      message: OK
    headers:
      Access-Control-Allow-Credentials:
      - 'false'
      Content-Type:
      - application/json; charset=UTF-8
      Date:
      - Sat, 10 Jan 2015 14:43:56 GMT
      Vary:
      - Accept-Encoding
      - Accept-Encoding
      Transfer-Encoding:
      - chunked
      Connection:
      - keep-alive
    body:
      encoding: UTF-8
      string: '{"contacts":[{"addedAt":1405347851360,"vid":154835,"canonical-vid":154835,"merged-vids":[],"portal-id":62515,"is-contact":true,"profile-token":"AO_T-mNJu56Masvy-UGew0va-sSwlbSvfM2QxK1J7sd52Qci-gZCHybsgFoIwqgvmHq9f01ywtMLA6vB131sFPFEpkGAvl-bvEJ0ZB9xzpVbPkYVRmHfFIU3q9WfOStV1IMYOqGL9wYl","profile-url":"https://app.hubspot.com/contacts/62515/lists/public/contact/_AO_T-mNJu56Masvy-UGew0va-sSwlbSvfM2QxK1J7sd52Qci-gZCHybsgFoIwqgvmHq9f01ywtMLA6vB131sFPFEpkGAvl-bvEJ0ZB9xzpVbPkYVRmHfFIU3q9WfOStV1IMYOqGL9wYl/","properties":{"firstname":{"value":"HubSpot"},"lastmodifieddate":{"value":"1414183315068"},"lastname":{"value":"Test"}},"form-submissions":[{"conversion-id":"b18f9fd8-b8d3-49e5-898a-ac301fac93e9","timestamp":1405347851180,"form-id":"b844ad5e-32bd-41e1-b0e6-ed990c5f3d1b","portal-id":62515,"page-url":"http://demo.hubapi.com/your-stunning-headline-30","page-title":"Your
        stunning headline!","page-id":"324527","title":"My New Form","meta-data":[]}],"identity-profiles":[{"vid":154835,"saved-at-timestamp":1405347851237,"deleted-changed-timestamp":0,"identities":[{"type":"EMAIL","value":"test@hubspot.com","timestamp":1405347851180},{"type":"LEAD_GUID","value":"c8f20860-d3d6-4b57-b092-86a07cebdcbc","timestamp":1405347851237}]}],"merge-audits":[]},{"addedAt":1390569372731,"vid":196181,"canonical-vid":196181,"merged-vids":[],"portal-id":62515,"is-contact":true,"profile-token":"AO_T-mMIvDKHrvpwOBJZFyPEfOShYcO5PwUtJl0kwaIpsdPv533R18vJiH0w5yHk8LrLBCMVyKkRqgRKYkEUcaLmsZwIjwpjy-WLoGBWK1Gurw-sfAbZCeQ1ICgoEN5rM_PO1_dIye-H","profile-url":"https://app.hubspot.com/contacts/62515/lists/public/contact/_AO_T-mMIvDKHrvpwOBJZFyPEfOShYcO5PwUtJl0kwaIpsdPv533R18vJiH0w5yHk8LrLBCMVyKkRqgRKYkEUcaLmsZwIjwpjy-WLoGBWK1Gurw-sfAbZCeQ1ICgoEN5rM_PO1_dIye-H/","properties":{"firstname":{"value":"Charles"},"lastmodifieddate":{"value":"1414183318111"},"company":{"value":""},"lastname":{"value":"Gowland"}},"form-submissions":[],"identity-profiles":[{"vid":196181,"saved-at-timestamp":1390569372649,"deleted-changed-timestamp":0,"identities":[{"type":"EMAIL","value":"clg@gburnette.com","timestamp":1390568711002},{"type":"LEAD_GUID","value":"dca0d8a2-fa9c-4ca6-b5ef-c1bfb4a0bed4","timestamp":1390569372636}]}],"merge-audits":[]},{"addedAt":1390569372834,"vid":196182,"canonical-vid":196182,"merged-vids":[],"portal-id":62515,"is-contact":true,"profile-token":"AO_T-mNJlSBo9yjlSNHhLCObpPdvDtt2qFmrIsza5CV3z7vr2cHFZ3cwBhK-q2k1xMGWmuJizRat-dxQuAfAEoJR-rnH9tHGFaH3ee2ZSM3_6_9u_r1EEyRqZuSLYHJ3d7ZNxjBPQjjE","profile-url":"https://app.hubspot.com/contacts/62515/lists/public/contact/_AO_T-mNJlSBo9yjlSNHhLCObpPdvDtt2qFmrIsza5CV3z7vr2cHFZ3cwBhK-q2k1xMGWmuJizRat-dxQuAfAEoJR-rnH9tHGFaH3ee2ZSM3_6_9u_r1EEyRqZuSLYHJ3d7ZNxjBPQjjE/","properties":{"firstname":{"value":"Curtis"},"lastmodifieddate":{"value":"1414183316159"},"company":{"value":""},"lastname":{"value":"Romig"}},"form-submissions":[],"identity-profiles":[{"vid":196182,"saved-at-timestamp":1390569372699,"deleted-changed-timestamp":0,"identities":[{"type":"EMAIL","value":"curtis.romig@bryancave.com","timestamp":1390568725415},{"type":"LEAD_GUID","value":"e18dc184-0238-48f1-a8a2-4476733f50d3","timestamp":1390569372641}]}],"merge-audits":[]},{"addedAt":1390569372757,"vid":196183,"canonical-vid":196183,"merged-vids":[],"portal-id":62515,"is-contact":true,"profile-token":"AO_T-mP3BDDUCSCAHYFESNJPJTemaXdGs_aoSaIk8jvkthVcdEt0Aj5lzqBRSO-ojRgScw9Vv2a6AFnyd8q_7OuyoKi_F0Aq_pK13ENmv85vUNE3mBoR0MbuAoKvg2A339q8FB-nuABH","profile-url":"https://app.hubspot.com/contacts/62515/lists/public/contact/_AO_T-mP3BDDUCSCAHYFESNJPJTemaXdGs_aoSaIk8jvkthVcdEt0Aj5lzqBRSO-ojRgScw9Vv2a6AFnyd8q_7OuyoKi_F0Aq_pK13ENmv85vUNE3mBoR0MbuAoKvg2A339q8FB-nuABH/","properties":{"firstname":{"value":"Eugene"},"lastmodifieddate":{"value":"1414183318527"},"company":{"value":""},"lastname":{"value":"Klibanoff"}},"form-submissions":[],"identity-profiles":[{"vid":196183,"saved-at-timestamp":1390569372682,"deleted-changed-timestamp":0,"identities":[{"type":"EMAIL","value":"eklibanoff@incomm.com","timestamp":1390568722786},{"type":"LEAD_GUID","value":"276f1a0f-ce8f-4069-9b7a-405f9e14971a","timestamp":1390569372674}]}],"merge-audits":[]},{"addedAt":1390569372800,"vid":196184,"canonical-vid":196184,"merged-vids":[],"portal-id":62515,"is-contact":true,"profile-token":"AO_T-mMeiurcgjssDNV-J7ZAyr90NUeiP3J8zWIpSUKSxZJ8Tr187ylEPHUwFG9Fk3mbpbQwt-Dk5KFRx3z5po6idM2MOEqFjP42xWQgaPRKZ0pH2Bkuj2QZHqTp7rK4pfC5kuaZOmfj","profile-url":"https://app.hubspot.com/contacts/62515/lists/public/contact/_AO_T-mMeiurcgjssDNV-J7ZAyr90NUeiP3J8zWIpSUKSxZJ8Tr187ylEPHUwFG9Fk3mbpbQwt-Dk5KFRx3z5po6idM2MOEqFjP42xWQgaPRKZ0pH2Bkuj2QZHqTp7rK4pfC5kuaZOmfj/","properties":{"firstname":{"value":"James
        C. & Brenda L."},"lastmodifieddate":{"value":"1414183520978"},"company":{"value":""},"lastname":{"value":"Kellling"}},"form-submissions":[],"identity-profiles":[{"vid":196184,"saved-at-timestamp":1390569372744,"deleted-changed-timestamp":0,"identities":[{"type":"EMAIL","value":"jameskelling@bellsouth.net","timestamp":1390568911277},{"type":"LEAD_GUID","value":"4b92ccc6-d777-4e3e-90d9-bc4722329c16","timestamp":1390569372738}]}],"merge-audits":[]},{"addedAt":1390569372819,"vid":196185,"canonical-vid":196185,"merged-vids":[],"portal-id":62515,"is-contact":true,"profile-token":"AO_T-mN2EpC4p1spU8eCK6jzJJ-rO-uppLkPuQczndwj0MzLk3qefFgGtaa67UDJUH2YFCUE9xA1LGYg8MY84ydS29l3UOT9pnKGPQLSJ65-8j6QTSVa_sHQnV42pDE3xaDfTos9ZNgO","profile-url":"https://app.hubspot.com/contacts/62515/lists/public/contact/_AO_T-mN2EpC4p1spU8eCK6jzJJ-rO-uppLkPuQczndwj0MzLk3qefFgGtaa67UDJUH2YFCUE9xA1LGYg8MY84ydS29l3UOT9pnKGPQLSJ65-8j6QTSVa_sHQnV42pDE3xaDfTos9ZNgO/","properties":{"firstname":{"value":""},"lastmodifieddate":{"value":"1414183316574"},"company":{"value":""},"lastname":{"value":"Fred
        Woestman"}},"form-submissions":[],"identity-profiles":[{"vid":196185,"saved-at-timestamp":1390569372754,"deleted-changed-timestamp":0,"identities":[{"type":"EMAIL","value":"fwoestmann@comcast.net","timestamp":1390568788629},{"type":"LEAD_GUID","value":"610c58ef-2e19-43fe-af5d-8c115aba617f","timestamp":1390569372746}]}],"merge-audits":[]},{"addedAt":1390569372981,"vid":196186,"canonical-vid":196186,"merged-vids":[],"portal-id":62515,"is-contact":true,"profile-token":"AO_T-mNy6mozQ-cJOHTBCmyfjjUK0-vmLbvTjvN92J5Zp7t-ic6BZdnirR256o001rHNppnRmWvThdjLKqYxrd-asodWUYZhSxcuRVEwOugNdlkOaY7tuTiOBzqF0GGUQ7HPLHGzw4y0","profile-url":"https://app.hubspot.com/contacts/62515/lists/public/contact/_AO_T-mNy6mozQ-cJOHTBCmyfjjUK0-vmLbvTjvN92J5Zp7t-ic6BZdnirR256o001rHNppnRmWvThdjLKqYxrd-asodWUYZhSxcuRVEwOugNdlkOaY7tuTiOBzqF0GGUQ7HPLHGzw4y0/","properties":{"firstname":{"value":"Benjamin"},"lastmodifieddate":{"value":"1414183315715"},"company":{"value":""},"lastname":{"value":"Rust"}},"form-submissions":[],"identity-profiles":[{"vid":196186,"saved-at-timestamp":1390569372769,"deleted-changed-timestamp":0,"identities":[{"type":"EMAIL","value":"ben@synaxisworks.com","timestamp":1390568759222},{"type":"LEAD_GUID","value":"c0981af6-1d44-4375-a425-f880cef2fd83","timestamp":1390569372756}]}],"merge-audits":[]},{"addedAt":1390569372870,"vid":196187,"canonical-vid":196187,"merged-vids":[],"portal-id":62515,"is-contact":true,"profile-token":"AO_T-mMt1ySwGuR2Ej08BIJcEW12co1iJDRFO6DJmTKwgGZmzv5xYowUGUi5YNMDEdD9AHIsBnCFkqu7IQT84lM80uXN1j1Jetaqk9iULFn9WzySGAwUkUc9Kdp66jK9XbGa-T4hniLn","profile-url":"https://app.hubspot.com/contacts/62515/lists/public/contact/_AO_T-mMt1ySwGuR2Ej08BIJcEW12co1iJDRFO6DJmTKwgGZmzv5xYowUGUi5YNMDEdD9AHIsBnCFkqu7IQT84lM80uXN1j1Jetaqk9iULFn9WzySGAwUkUc9Kdp66jK9XbGa-T4hniLn/","properties":{"firstname":{"value":""},"lastmodifieddate":{"value":"1414183314753"},"company":{"value":""},"lastname":{"value":"Rich
        Green"}},"form-submissions":[],"identity-profiles":[{"vid":196187,"saved-at-timestamp":1390569372772,"deleted-changed-timestamp":0,"identities":[{"type":"EMAIL","value":"green3531@gmail.com","timestamp":1390568813364},{"type":"LEAD_GUID","value":"519bf221-2f75-4e84-b677-36779f8e3a43","timestamp":1390569372762}]}],"merge-audits":[]},{"addedAt":1390569372844,"vid":196188,"canonical-vid":196188,"merged-vids":[],"portal-id":62515,"is-contact":true,"profile-token":"AO_T-mPnpigaR0qygRzE9cJIiPpAHdkDbmR_DAvnoR-LRzaYDAwcEM9jeCHlPOiSREDhjqKu-iaLyvA2Nd5h9n3Gs22PibFwfUq6l5p2B6vv1OiqeJvKTjhxvCX8JSoeiXaa88TjlUbU","profile-url":"https://app.hubspot.com/contacts/62515/lists/public/contact/_AO_T-mPnpigaR0qygRzE9cJIiPpAHdkDbmR_DAvnoR-LRzaYDAwcEM9jeCHlPOiSREDhjqKu-iaLyvA2Nd5h9n3Gs22PibFwfUq6l5p2B6vv1OiqeJvKTjhxvCX8JSoeiXaa88TjlUbU/","properties":{"firstname":{"value":"Kathleen
        Odonnell"},"lastmodifieddate":{"value":"1414183318653"},"company":{"value":""},"lastname":{"value":"Durst"}},"form-submissions":[],"identity-profiles":[{"vid":196188,"saved-at-timestamp":1390569372772,"deleted-changed-timestamp":0,"identities":[{"type":"EMAIL","value":"kathidurst@gmail.com","timestamp":1390568852085},{"type":"LEAD_GUID","value":"c1df47c3-605a-4847-af76-e60cc4212dcc","timestamp":1390569372763}]}],"merge-audits":[]},{"addedAt":1390569372832,"vid":196189,"canonical-vid":196189,"merged-vids":[],"portal-id":62515,"is-contact":true,"profile-token":"AO_T-mMGX5Ipm0pGttb6IiLgKydou8eynpDr3Ht3xtgMEQIIDt0lqTQMN-S433E0aOgtioShtT6-sQ0mOlaZcXsR86iBZOt6Lnialhu5D0NpriJwxoNivtyfBnfT1fFcEx04f406z7vq","profile-url":"https://app.hubspot.com/contacts/62515/lists/public/contact/_AO_T-mMGX5Ipm0pGttb6IiLgKydou8eynpDr3Ht3xtgMEQIIDt0lqTQMN-S433E0aOgtioShtT6-sQ0mOlaZcXsR86iBZOt6Lnialhu5D0NpriJwxoNivtyfBnfT1fFcEx04f406z7vq/","properties":{"firstname":{"value":"Glenn"},"lastmodifieddate":{"value":"1414183436568"},"company":{"value":""},"lastname":{"value":"Bachman"}},"form-submissions":[],"identity-profiles":[{"vid":196189,"saved-at-timestamp":1390569372781,"deleted-changed-timestamp":0,"identities":[{"type":"EMAIL","value":"glennbachman@att.net","timestamp":1390568755598},{"type":"LEAD_GUID","value":"f97a9531-2780-4a53-bed1-3659c58e1b98","timestamp":1390569372775}]}],"merge-audits":[]},{"addedAt":1390569372872,"vid":196190,"canonical-vid":196190,"merged-vids":[],"portal-id":62515,"is-contact":true,"profile-token":"AO_T-mPd8kOdqDNDxQIx1xCesr2EhZPmDnquPl5hIK_mJH_Hs9aLVEXLxcTtO7jPbCjh0gziZ49ZFlAbwQkZ_KzOz_fYc6woX6lHgYSPTrHHdpFwfZXLf9ZfxzDAy_6hbJrqTCQc7oJB","profile-url":"https://app.hubspot.com/contacts/62515/lists/public/contact/_AO_T-mPd8kOdqDNDxQIx1xCesr2EhZPmDnquPl5hIK_mJH_Hs9aLVEXLxcTtO7jPbCjh0gziZ49ZFlAbwQkZ_KzOz_fYc6woX6lHgYSPTrHHdpFwfZXLf9ZfxzDAy_6hbJrqTCQc7oJB/","properties":{"firstname":{"value":""},"lastmodifieddate":{"value":"1414183632930"},"company":{"value":""},"lastname":{"value":"Kohn,
        Larry & Jami"}},"form-submissions":[],"identity-profiles":[{"vid":196190,"saved-at-timestamp":1390569372777,"deleted-changed-timestamp":0,"identities":[{"type":"EMAIL","value":"jamikohn@yahoo.com","timestamp":1390568666276},{"type":"LEAD_GUID","value":"e8ee498e-7947-4d8a-b386-c2b260dfad62","timestamp":1390569372767}]}],"merge-audits":[]},{"addedAt":1390569372852,"vid":196191,"canonical-vid":196191,"merged-vids":[],"portal-id":62515,"is-contact":true,"profile-token":"AO_T-mMLNU76twJIjifu-scDoFLUEEMK0DagWZMYL6DLlDJaZajPXd-ywYOYH66qt4eZ2y-bD5_OXDyzjU-cbQNfoy1T0yUj_Qcq2fmAhYUFyWQxr7Menn-0bbmUxgpExM31V-5whUrz","profile-url":"https://app.hubspot.com/contacts/62515/lists/public/contact/_AO_T-mMLNU76twJIjifu-scDoFLUEEMK0DagWZMYL6DLlDJaZajPXd-ywYOYH66qt4eZ2y-bD5_OXDyzjU-cbQNfoy1T0yUj_Qcq2fmAhYUFyWQxr7Menn-0bbmUxgpExM31V-5whUrz/","properties":{"firstname":{"value":"Emily"},"lastmodifieddate":{"value":"1414183314276"},"company":{"value":""},"lastname":{"value":"Palik"}},"form-submissions":[],"identity-profiles":[{"vid":196191,"saved-at-timestamp":1390569372782,"deleted-changed-timestamp":0,"identities":[{"type":"EMAIL","value":"emily.palik@adp.com","timestamp":1390568893411},{"type":"LEAD_GUID","value":"a42c7c5c-939e-4b33-b6b1-7bbc5d6f165e","timestamp":1390569372773}]}],"merge-audits":[]},{"addedAt":1390569372864,"vid":196192,"canonical-vid":196192,"merged-vids":[],"portal-id":62515,"is-contact":true,"profile-token":"AO_T-mPYNu_N7jzVwo-w1KV8OHrDeArfpZxB7DMJIK9jmyvkSWUQINX16KF0bTL63jXp_5gsDMc4XA42zhwDhGGKYD3zC-mprBmsWnI883Lnz_gIQIr5zEEOrj7SUsYtnxpzKvd_ww-v","profile-url":"https://app.hubspot.com/contacts/62515/lists/public/contact/_AO_T-mPYNu_N7jzVwo-w1KV8OHrDeArfpZxB7DMJIK9jmyvkSWUQINX16KF0bTL63jXp_5gsDMc4XA42zhwDhGGKYD3zC-mprBmsWnI883Lnz_gIQIr5zEEOrj7SUsYtnxpzKvd_ww-v/","properties":{"firstname":{"value":""},"lastmodifieddate":{"value":"1414183315545"},"company":{"value":""},"lastname":{"value":"Cliff
        Byrant"}},"form-submissions":[],"identity-profiles":[{"vid":196192,"saved-at-timestamp":1390569372797,"deleted-changed-timestamp":0,"identities":[{"type":"EMAIL","value":"cliffbryant@corp.earthlink.net","timestamp":1390568783409},{"type":"LEAD_GUID","value":"8c2d9b51-cc45-492d-a018-883bf871e48c","timestamp":1390569372789}]}],"merge-audits":[]},{"addedAt":1390569372941,"vid":196193,"canonical-vid":196193,"merged-vids":[],"portal-id":62515,"is-contact":true,"profile-token":"AO_T-mP02ynziBSjBxNQEto6d6R4v5Afv2yA_XtrNS3twaK7226u2MbukngDFDy4UH410-V19OFZhV8SQac_Zy131o2s-X2nh52BcAt-y4gR26reAFGgKP-yCHxok3qHP6WY33P9azjO","profile-url":"https://app.hubspot.com/contacts/62515/lists/public/contact/_AO_T-mP02ynziBSjBxNQEto6d6R4v5Afv2yA_XtrNS3twaK7226u2MbukngDFDy4UH410-V19OFZhV8SQac_Zy131o2s-X2nh52BcAt-y4gR26reAFGgKP-yCHxok3qHP6WY33P9azjO/","properties":{"firstname":{"value":"John"},"lastmodifieddate":{"value":"1414183316745"},"company":{"value":"BlueLink,
        LLC"},"lastname":{"value":"Dyslin"}},"form-submissions":[],"identity-profiles":[{"vid":196193,"saved-at-timestamp":1390569372811,"deleted-changed-timestamp":0,"identities":[{"type":"EMAIL","value":"john@bluelinkdirect.com","timestamp":1390568923286},{"type":"LEAD_GUID","value":"62355e28-add8-4bf2-a687-e04e2826b442","timestamp":1390569372793}]}],"merge-audits":[]},{"addedAt":1390569372879,"vid":196194,"canonical-vid":196194,"merged-vids":[],"portal-id":62515,"is-contact":true,"profile-token":"AO_T-mN-dAdX8IqvyDahhTFZU-0A2sW10OM9LdFJGH0e-GzK1A5ZN97CRSaZX9kCwywL6xhGGKNhw4wz0vnr1v-I_A-LZfafFAAkYjp_ckJaPlmDGpLq8zrP-DOBQfWXMED4_JbOZsfe","profile-url":"https://app.hubspot.com/contacts/62515/lists/public/contact/_AO_T-mN-dAdX8IqvyDahhTFZU-0A2sW10OM9LdFJGH0e-GzK1A5ZN97CRSaZX9kCwywL6xhGGKNhw4wz0vnr1v-I_A-LZfafFAAkYjp_ckJaPlmDGpLq8zrP-DOBQfWXMED4_JbOZsfe/","properties":{"firstname":{"value":""},"lastmodifieddate":{"value":"1414183313940"},"company":{"value":""},"lastname":{"value":"Ellen
        Schwartz"}},"form-submissions":[],"identity-profiles":[{"vid":196194,"saved-at-timestamp":1390569372816,"deleted-changed-timestamp":0,"identities":[{"type":"EMAIL","value":"elatingome@yahoo.com","timestamp":1390568787814},{"type":"LEAD_GUID","value":"606c133c-b550-4752-81dd-0df0d2066f5a","timestamp":1390569372810}]}],"merge-audits":[]},{"addedAt":1390569372979,"vid":196195,"canonical-vid":196195,"merged-vids":[],"portal-id":62515,"is-contact":true,"profile-token":"AO_T-mOAzS7t4rhnvrKqdBJk67vrzwUQSJGrOcaTAQPuFmRi1-rMVrjvaoelMYnzPecABgo9mS_MCd5xfYiztAoqViB60kB1AQL7PAo9zW4gxWwydC_DERzE09rEMw5SxqtLD0xUFvI1","profile-url":"https://app.hubspot.com/contacts/62515/lists/public/contact/_AO_T-mOAzS7t4rhnvrKqdBJk67vrzwUQSJGrOcaTAQPuFmRi1-rMVrjvaoelMYnzPecABgo9mS_MCd5xfYiztAoqViB60kB1AQL7PAo9zW4gxWwydC_DERzE09rEMw5SxqtLD0xUFvI1/","properties":{"firstname":{"value":"Gary"},"lastmodifieddate":{"value":"1414183424704"},"company":{"value":""},"lastname":{"value":"Weiss"}},"form-submissions":[],"identity-profiles":[{"vid":196195,"saved-at-timestamp":1390569372830,"deleted-changed-timestamp":0,"identities":[{"type":"EMAIL","value":"gweiss@lwandco.com","timestamp":1390568711614},{"type":"LEAD_GUID","value":"b899625c-0228-4ea0-b6e7-e05403d9991d","timestamp":1390569372823}]}],"merge-audits":[]},{"addedAt":1390569372981,"vid":196196,"canonical-vid":196196,"merged-vids":[],"portal-id":62515,"is-contact":true,"profile-token":"AO_T-mN-rf-1pKGhru98f2G8uNo0GL3rheI-7O_e_XpRzOa-IjvNrdF_eWfPxeoRP9JI15kGhR2FMCeVSljrLD3WHrBJAkhHHkHMcHPCkbM3v0jQTa9I43uThCNdHK_kWTC2-YUWtTEp","profile-url":"https://app.hubspot.com/contacts/62515/lists/public/contact/_AO_T-mN-rf-1pKGhru98f2G8uNo0GL3rheI-7O_e_XpRzOa-IjvNrdF_eWfPxeoRP9JI15kGhR2FMCeVSljrLD3WHrBJAkhHHkHMcHPCkbM3v0jQTa9I43uThCNdHK_kWTC2-YUWtTEp/","properties":{"firstname":{"value":""},"lastmodifieddate":{"value":"1414183436593"},"company":{"value":""},"lastname":{"value":"Gaines"}},"form-submissions":[],"identity-profiles":[{"vid":196196,"saved-at-timestamp":1390569372827,"deleted-changed-timestamp":0,"identities":[{"type":"EMAIL","value":"dgaines@rosser.com","timestamp":1390568775978},{"type":"LEAD_GUID","value":"8e55df1c-f73f-4a9b-bfb3-5fd0bdbeed3c","timestamp":1390569372819}]}],"merge-audits":[]},{"addedAt":1390569372977,"vid":196197,"canonical-vid":196197,"merged-vids":[],"portal-id":62515,"is-contact":true,"profile-token":"AO_T-mMNDQPVIatRzvwwbjxH5kPMb1qbP15Ou8uQsf0vFoGvU8YsEHjMU1m4-i_ECZ87srGV2BYWxBOVgxaO6sxbU44Yfbi0CFqn9bsfQ3mveVPcBt0nHnKpPxTaJI5NY86TP2leU_xI","profile-url":"https://app.hubspot.com/contacts/62515/lists/public/contact/_AO_T-mMNDQPVIatRzvwwbjxH5kPMb1qbP15Ou8uQsf0vFoGvU8YsEHjMU1m4-i_ECZ87srGV2BYWxBOVgxaO6sxbU44Yfbi0CFqn9bsfQ3mveVPcBt0nHnKpPxTaJI5NY86TP2leU_xI/","properties":{"firstname":{"value":"Kathy"},"lastmodifieddate":{"value":"1414183318779"},"company":{"value":""},"lastname":{"value":"Oliverio"}},"form-submissions":[],"identity-profiles":[{"vid":196197,"saved-at-timestamp":1390569372895,"deleted-changed-timestamp":0,"identities":[{"type":"EMAIL","value":"kathyoliverio@thomasthomasllp.com","timestamp":1390568679200},{"type":"LEAD_GUID","value":"ca657c02-4179-48ef-b4f8-3b8d88cc3650","timestamp":1390569372889}]}],"merge-audits":[]},{"addedAt":1390569373032,"vid":196198,"canonical-vid":196198,"merged-vids":[],"portal-id":62515,"is-contact":true,"profile-token":"AO_T-mP2qi6dkyTPirRHRrgpiaN7vEnohWR6AvX7pdcd7zeFDsc7ze_ATyjEGlS7_S4bz2aFE3N-9HqPIfZY4DZwtH1jmGf6uJHZ8EZgc2MgkK-k8b9tmigL4fDVrTo0aCxIAxDdW9Js","profile-url":"https://app.hubspot.com/contacts/62515/lists/public/contact/_AO_T-mP2qi6dkyTPirRHRrgpiaN7vEnohWR6AvX7pdcd7zeFDsc7ze_ATyjEGlS7_S4bz2aFE3N-9HqPIfZY4DZwtH1jmGf6uJHZ8EZgc2MgkK-k8b9tmigL4fDVrTo0aCxIAxDdW9Js/","properties":{"firstname":{"value":""},"lastmodifieddate":{"value":"1414183521010"},"company":{"value":""},"lastname":{"value":"Mahoney"}},"form-submissions":[],"identity-profiles":[{"vid":196198,"saved-at-timestamp":1390569372942,"deleted-changed-timestamp":0,"identities":[{"type":"EMAIL","value":"aasdfsadf@ad.com","timestamp":1390568594597},{"type":"LEAD_GUID","value":"3db8e975-7032-4648-a74a-ca382fda59ec","timestamp":1390569372903}]}],"merge-audits":[]},{"addedAt":1390569373036,"vid":196199,"canonical-vid":196199,"merged-vids":[],"portal-id":62515,"is-contact":true,"profile-token":"AO_T-mOPicMqToNnyGzSH1MaLq6MqstTs2xvbEnZluJChZ5WdY98SfW3jR4TtiOoPM2iK6czZaHUxQyNx387tvj57CPUZLFwCc8q1InUCQI16rR1sORpW7tqd4l6odMYOvouBhSS3vVs","profile-url":"https://app.hubspot.com/contacts/62515/lists/public/contact/_AO_T-mOPicMqToNnyGzSH1MaLq6MqstTs2xvbEnZluJChZ5WdY98SfW3jR4TtiOoPM2iK6czZaHUxQyNx387tvj57CPUZLFwCc8q1InUCQI16rR1sORpW7tqd4l6odMYOvouBhSS3vVs/","properties":{"firstname":{"value":"Eleanor"},"lastmodifieddate":{"value":"1414183314891"},"company":{"value":""},"lastname":{"value":"Morgan"}},"form-submissions":[],"identity-profiles":[{"vid":196199,"saved-at-timestamp":1390569372911,"deleted-changed-timestamp":0,"identities":[{"type":"EMAIL","value":"emorgan@mdecorps.com","timestamp":1390568741710},{"type":"LEAD_GUID","value":"2225f650-6781-4e20-9269-adc783a00474","timestamp":1390569372905}]}],"merge-audits":[]}],"has-more":true,"vid-offset":196199}'
    http_version: 
  recorded_at: Sat, 10 Jan 2015 14:43:57 GMT
- request:
    method: get
    uri: https://api.hubapi.com/contacts/v1/lists/all/contacts/all?count=2&hapikey=demo
    body:
      encoding: US-ASCII
      string: ''
    headers: {}
  response:
    status:
      code: 200
      message: OK
    headers:
      Access-Control-Allow-Credentials:
      - 'false'
      Content-Type:
      - application/json; charset=UTF-8
      Date:
      - Sat, 10 Jan 2015 14:48:13 GMT
      Vary:
      - Accept-Encoding
      - Accept-Encoding
      Content-Length:
      - '2251'
      Connection:
      - keep-alive
    body:
      encoding: UTF-8
      string: '{"contacts":[{"addedAt":1405347851360,"vid":154835,"canonical-vid":154835,"merged-vids":[],"portal-id":62515,"is-contact":true,"profile-token":"AO_T-mNNP5CPNuARzP3V_eLb6X5QiAaD9sP46z4cxjkcjG6yAgjSJv-Lb7NRZ5WoaTitsgW6E7dyP0rKv9kaeZrp-QUwDCHCnaqxQMRkftVawLUbsBWYWR3KRvY4j_k6nsolW7g9emtA","profile-url":"https://app.hubspot.com/contacts/62515/lists/public/contact/_AO_T-mNNP5CPNuARzP3V_eLb6X5QiAaD9sP46z4cxjkcjG6yAgjSJv-Lb7NRZ5WoaTitsgW6E7dyP0rKv9kaeZrp-QUwDCHCnaqxQMRkftVawLUbsBWYWR3KRvY4j_k6nsolW7g9emtA/","properties":{"firstname":{"value":"HubSpot"},"lastmodifieddate":{"value":"1414183315068"},"lastname":{"value":"Test"}},"form-submissions":[{"conversion-id":"b18f9fd8-b8d3-49e5-898a-ac301fac93e9","timestamp":1405347851180,"form-id":"b844ad5e-32bd-41e1-b0e6-ed990c5f3d1b","portal-id":62515,"page-url":"http://demo.hubapi.com/your-stunning-headline-30","page-title":"Your
        stunning headline!","page-id":"324527","title":"My New Form","meta-data":[]}],"identity-profiles":[{"vid":154835,"saved-at-timestamp":1405347851237,"deleted-changed-timestamp":0,"identities":[{"type":"EMAIL","value":"test@hubspot.com","timestamp":1405347851180},{"type":"LEAD_GUID","value":"c8f20860-d3d6-4b57-b092-86a07cebdcbc","timestamp":1405347851237}]}],"merge-audits":[]},{"addedAt":1390569372731,"vid":196181,"canonical-vid":196181,"merged-vids":[],"portal-id":62515,"is-contact":true,"profile-token":"AO_T-mMnsfCFq7T0ImjA7qC3a4aw1jLrgryLYG-9ceZmNOsKPeNhCmUDFaS7-6H0ylqLafb9Ejjrt1XXdxZO9S8CT1BltoouGc4Af4MdmKdT7YmGZmYxGTlPbEC9d9UlPWa-6fYBhkJX","profile-url":"https://app.hubspot.com/contacts/62515/lists/public/contact/_AO_T-mMnsfCFq7T0ImjA7qC3a4aw1jLrgryLYG-9ceZmNOsKPeNhCmUDFaS7-6H0ylqLafb9Ejjrt1XXdxZO9S8CT1BltoouGc4Af4MdmKdT7YmGZmYxGTlPbEC9d9UlPWa-6fYBhkJX/","properties":{"firstname":{"value":"Charles"},"lastmodifieddate":{"value":"1414183318111"},"company":{"value":""},"lastname":{"value":"Gowland"}},"form-submissions":[],"identity-profiles":[{"vid":196181,"saved-at-timestamp":1390569372649,"deleted-changed-timestamp":0,"identities":[{"type":"EMAIL","value":"clg@gburnette.com","timestamp":1390568711002},{"type":"LEAD_GUID","value":"dca0d8a2-fa9c-4ca6-b5ef-c1bfb4a0bed4","timestamp":1390569372636}]}],"merge-audits":[]}],"has-more":true,"vid-offset":196181}'
    http_version: 
  recorded_at: Sat, 10 Jan 2015 14:48:14 GMT
- request:
    method: get
    uri: https://api.hubapi.com/contacts/v1/lists/all/contacts/all?count=1&hapikey=demo&offset=1
    body:
      encoding: US-ASCII
      string: ''
    headers: {}
  response:
    status:
      code: 200
      message: OK
    headers:
      Access-Control-Allow-Credentials:
      - 'false'
      Content-Type:
      - application/json; charset=UTF-8
      Date:
      - Sat, 10 Jan 2015 14:48:59 GMT
      Vary:
      - Accept-Encoding
      - Accept-Encoding
      Content-Length:
      - '1290'
      Connection:
      - keep-alive
    body:
      encoding: UTF-8
      string: '{"contacts":[{"addedAt":1405347851360,"vid":154835,"canonical-vid":154835,"merged-vids":[],"portal-id":62515,"is-contact":true,"profile-token":"AO_T-mNPg6nJUsLAeVfcohVGJ7EIXndQo1ZwqiPhXvPd1RSWNJ96MONN7kfiXm2psXPZNmFv_VbtTfT7SIbmlrLzPDP2ugwm2p8si22r9QBWwk3Z6-Z9M27-v-uV4Duv15TduSXLmny_","profile-url":"https://app.hubspot.com/contacts/62515/lists/public/contact/_AO_T-mNPg6nJUsLAeVfcohVGJ7EIXndQo1ZwqiPhXvPd1RSWNJ96MONN7kfiXm2psXPZNmFv_VbtTfT7SIbmlrLzPDP2ugwm2p8si22r9QBWwk3Z6-Z9M27-v-uV4Duv15TduSXLmny_/","properties":{"firstname":{"value":"HubSpot"},"lastmodifieddate":{"value":"1414183315068"},"lastname":{"value":"Test"}},"form-submissions":[{"conversion-id":"b18f9fd8-b8d3-49e5-898a-ac301fac93e9","timestamp":1405347851180,"form-id":"b844ad5e-32bd-41e1-b0e6-ed990c5f3d1b","portal-id":62515,"page-url":"http://demo.hubapi.com/your-stunning-headline-30","page-title":"Your
        stunning headline!","page-id":"324527","title":"My New Form","meta-data":[]}],"identity-profiles":[{"vid":154835,"saved-at-timestamp":1405347851237,"deleted-changed-timestamp":0,"identities":[{"type":"EMAIL","value":"test@hubspot.com","timestamp":1405347851180},{"type":"LEAD_GUID","value":"c8f20860-d3d6-4b57-b092-86a07cebdcbc","timestamp":1405347851237}]}],"merge-audits":[]}],"has-more":true,"vid-offset":154835}'
    http_version: 
  recorded_at: Sat, 10 Jan 2015 14:48:59 GMT
- request:
    method: get
    uri: https://api.hubapi.com/contacts/v1/lists/all/contacts/all?count=1&hapikey=demo&vid-offset=1
    body:
      encoding: US-ASCII
      string: ''
    headers: {}
  response:
    status:
      code: 200
      message: OK
    headers:
      Access-Control-Allow-Credentials:
      - 'false'
      Content-Type:
      - application/json; charset=UTF-8
      Date:
      - Sat, 10 Jan 2015 14:51:46 GMT
      Vary:
      - Accept-Encoding
      - Accept-Encoding
      Content-Length:
      - '1290'
      Connection:
      - keep-alive
    body:
      encoding: UTF-8
      string: '{"contacts":[{"addedAt":1405347851360,"vid":154835,"canonical-vid":154835,"merged-vids":[],"portal-id":62515,"is-contact":true,"profile-token":"AO_T-mPQrmiM4qpLqHAh4NfijScX9yV9kcg8nhFto816A7beCVuH0H94ZQxd2c4aBR6fRAWPpJ8YBE1T0Pzl0-MW72UUP3ykEV32k0luQWeneu0HfNRhz8mtWvSLCzNYOWk-4ZQg2liS","profile-url":"https://app.hubspot.com/contacts/62515/lists/public/contact/_AO_T-mPQrmiM4qpLqHAh4NfijScX9yV9kcg8nhFto816A7beCVuH0H94ZQxd2c4aBR6fRAWPpJ8YBE1T0Pzl0-MW72UUP3ykEV32k0luQWeneu0HfNRhz8mtWvSLCzNYOWk-4ZQg2liS/","properties":{"firstname":{"value":"HubSpot"},"lastmodifieddate":{"value":"1414183315068"},"lastname":{"value":"Test"}},"form-submissions":[{"conversion-id":"b18f9fd8-b8d3-49e5-898a-ac301fac93e9","timestamp":1405347851180,"form-id":"b844ad5e-32bd-41e1-b0e6-ed990c5f3d1b","portal-id":62515,"page-url":"http://demo.hubapi.com/your-stunning-headline-30","page-title":"Your
        stunning headline!","page-id":"324527","title":"My New Form","meta-data":[]}],"identity-profiles":[{"vid":154835,"saved-at-timestamp":1405347851237,"deleted-changed-timestamp":0,"identities":[{"type":"EMAIL","value":"test@hubspot.com","timestamp":1405347851180},{"type":"LEAD_GUID","value":"c8f20860-d3d6-4b57-b092-86a07cebdcbc","timestamp":1405347851237}]}],"merge-audits":[]}],"has-more":true,"vid-offset":154835}'
    http_version: 
  recorded_at: Sat, 10 Jan 2015 14:51:46 GMT
- request:
    method: get
    uri: https://api.hubapi.com/contacts/v1/lists/all/contacts/all?count=1&hapikey=demo
    body:
      encoding: US-ASCII
      string: ''
    headers: {}
  response:
    status:
      code: 200
      message: OK
    headers:
      Access-Control-Allow-Credentials:
      - 'false'
      Content-Type:
      - application/json; charset=UTF-8
      Date:
      - Sat, 10 Jan 2015 14:54:01 GMT
      Vary:
      - Accept-Encoding
      - Accept-Encoding
      Content-Length:
      - '1290'
      Connection:
      - keep-alive
    body:
      encoding: UTF-8
      string: '{"contacts":[{"addedAt":1405347851360,"vid":154835,"canonical-vid":154835,"merged-vids":[],"portal-id":62515,"is-contact":true,"profile-token":"AO_T-mOnjZKtFCNfP3lhRh-kWUmduMMaRd_h9AprbJXZRDmuBjvcTJXXRjyLNx7n6svmqwjtljbjR8TpI3BCxNUZMYebNSNBp_sPRrjC3seb3E3qkJoVn3FGn2ftEIA8a8fpE5NNE5lF","profile-url":"https://app.hubspot.com/contacts/62515/lists/public/contact/_AO_T-mOnjZKtFCNfP3lhRh-kWUmduMMaRd_h9AprbJXZRDmuBjvcTJXXRjyLNx7n6svmqwjtljbjR8TpI3BCxNUZMYebNSNBp_sPRrjC3seb3E3qkJoVn3FGn2ftEIA8a8fpE5NNE5lF/","properties":{"firstname":{"value":"HubSpot"},"lastmodifieddate":{"value":"1414183315068"},"lastname":{"value":"Test"}},"form-submissions":[{"conversion-id":"b18f9fd8-b8d3-49e5-898a-ac301fac93e9","timestamp":1405347851180,"form-id":"b844ad5e-32bd-41e1-b0e6-ed990c5f3d1b","portal-id":62515,"page-url":"http://demo.hubapi.com/your-stunning-headline-30","page-title":"Your
        stunning headline!","page-id":"324527","title":"My New Form","meta-data":[]}],"identity-profiles":[{"vid":154835,"saved-at-timestamp":1405347851237,"deleted-changed-timestamp":0,"identities":[{"type":"EMAIL","value":"test@hubspot.com","timestamp":1405347851180},{"type":"LEAD_GUID","value":"c8f20860-d3d6-4b57-b092-86a07cebdcbc","timestamp":1405347851237}]}],"merge-audits":[]}],"has-more":true,"vid-offset":154835}'
    http_version: 
  recorded_at: Sat, 10 Jan 2015 14:54:01 GMT
- request:
    method: get
    uri: https://api.hubapi.com/contacts/v1/lists/all/contacts/all?count=1&hapikey=demo&vid-offset=154835
    body:
      encoding: US-ASCII
      string: ''
    headers: {}
  response:
    status:
      code: 200
      message: OK
    headers:
      Access-Control-Allow-Credentials:
      - 'false'
      Content-Type:
      - application/json; charset=UTF-8
      Date:
      - Sat, 10 Jan 2015 14:54:02 GMT
      Vary:
      - Accept-Encoding
      - Accept-Encoding
      Content-Length:
      - '1290'
      Connection:
      - keep-alive
    body:
      encoding: UTF-8
      string: '{"contacts":[{"addedAt":1405347851360,"vid":154835,"canonical-vid":154835,"merged-vids":[],"portal-id":62515,"is-contact":true,"profile-token":"AO_T-mPygkRdWWe9QgapoAJglcWOb82_8QH3Oj7oYh0oOqcym7ACl_72ttwUSp95OcFoL3l5IJxsZPEOQ7rFBut6OEqAezXyRWf5DuhdKUH6Pe_fHRKLgGrM0COPGde9u0BrSGaZo491","profile-url":"https://app.hubspot.com/contacts/62515/lists/public/contact/_AO_T-mPygkRdWWe9QgapoAJglcWOb82_8QH3Oj7oYh0oOqcym7ACl_72ttwUSp95OcFoL3l5IJxsZPEOQ7rFBut6OEqAezXyRWf5DuhdKUH6Pe_fHRKLgGrM0COPGde9u0BrSGaZo491/","properties":{"firstname":{"value":"HubSpot"},"lastmodifieddate":{"value":"1414183315068"},"lastname":{"value":"Test"}},"form-submissions":[{"conversion-id":"b18f9fd8-b8d3-49e5-898a-ac301fac93e9","timestamp":1405347851180,"form-id":"b844ad5e-32bd-41e1-b0e6-ed990c5f3d1b","portal-id":62515,"page-url":"http://demo.hubapi.com/your-stunning-headline-30","page-title":"Your
        stunning headline!","page-id":"324527","title":"My New Form","meta-data":[]}],"identity-profiles":[{"vid":154835,"saved-at-timestamp":1405347851237,"deleted-changed-timestamp":0,"identities":[{"type":"EMAIL","value":"test@hubspot.com","timestamp":1405347851180},{"type":"LEAD_GUID","value":"c8f20860-d3d6-4b57-b092-86a07cebdcbc","timestamp":1405347851237}]}],"merge-audits":[]}],"has-more":true,"vid-offset":154835}'
    http_version: 
  recorded_at: Sat, 10 Jan 2015 14:54:02 GMT
- request:
    method: get
    uri: https://api.hubapi.com/contacts/v1/lists/all/contacts/all?count=1&hapikey=demo
    body:
      encoding: US-ASCII
      string: ''
    headers: {}
  response:
    status:
      code: 200
      message: OK
    headers:
      Access-Control-Allow-Credentials:
      - 'false'
      Content-Type:
      - application/json; charset=UTF-8
      Date:
      - Sat, 10 Jan 2015 14:55:34 GMT
      Vary:
      - Accept-Encoding
      - Accept-Encoding
      Content-Length:
      - '1290'
      Connection:
      - keep-alive
    body:
      encoding: UTF-8
      string: '{"contacts":[{"addedAt":1405347851360,"vid":154835,"canonical-vid":154835,"merged-vids":[],"portal-id":62515,"is-contact":true,"profile-token":"AO_T-mMMGT9lJCB6A21Lgqyly5DfNcW3u-ldo7UnhCE9dg0eyzWt7g-JAMrxxoM_IRCiQVojiunlgOBQYIezEVSRCKi3Zq4rAHnzenFg0Yn3N-1stJ-zVZsKszUZV6UK-algZOU4YPPy","profile-url":"https://app.hubspot.com/contacts/62515/lists/public/contact/_AO_T-mMMGT9lJCB6A21Lgqyly5DfNcW3u-ldo7UnhCE9dg0eyzWt7g-JAMrxxoM_IRCiQVojiunlgOBQYIezEVSRCKi3Zq4rAHnzenFg0Yn3N-1stJ-zVZsKszUZV6UK-algZOU4YPPy/","properties":{"firstname":{"value":"HubSpot"},"lastmodifieddate":{"value":"1414183315068"},"lastname":{"value":"Test"}},"form-submissions":[{"conversion-id":"b18f9fd8-b8d3-49e5-898a-ac301fac93e9","timestamp":1405347851180,"form-id":"b844ad5e-32bd-41e1-b0e6-ed990c5f3d1b","portal-id":62515,"page-url":"http://demo.hubapi.com/your-stunning-headline-30","page-title":"Your
        stunning headline!","page-id":"324527","title":"My New Form","meta-data":[]}],"identity-profiles":[{"vid":154835,"saved-at-timestamp":1405347851237,"deleted-changed-timestamp":0,"identities":[{"type":"EMAIL","value":"test@hubspot.com","timestamp":1405347851180},{"type":"LEAD_GUID","value":"c8f20860-d3d6-4b57-b092-86a07cebdcbc","timestamp":1405347851237}]}],"merge-audits":[]}],"has-more":true,"vid-offset":154835}'
    http_version: 
  recorded_at: Sat, 10 Jan 2015 14:55:34 GMT
- request:
    method: get
    uri: https://api.hubapi.com/contacts/v1/lists/all/contacts/all?count=1&hapikey=demo&vidOffset=154835
    body:
      encoding: US-ASCII
      string: ''
    headers: {}
  response:
    status:
      code: 200
      message: OK
    headers:
      Access-Control-Allow-Credentials:
      - 'false'
      Content-Type:
      - application/json; charset=UTF-8
      Date:
      - Sat, 10 Jan 2015 14:58:11 GMT
      Vary:
      - Accept-Encoding
      - Accept-Encoding
      Content-Length:
      - '1011'
      Connection:
      - keep-alive
    body:
      encoding: UTF-8
      string: '{"contacts":[{"addedAt":1390569372731,"vid":196181,"canonical-vid":196181,"merged-vids":[],"portal-id":62515,"is-contact":true,"profile-token":"AO_T-mMN_5UTisMlYNPPYlhtxjNSaNd6gmtkpeCjXH_qREthy25LLaY4OOsA7cdXTLqM5mrxcU0jFZ33ym4cUvjNRbYi_h8h80esdoyxw_w0-tfzqFwPgT8t8S03dBASBcxR68M4q52G","profile-url":"https://app.hubspot.com/contacts/62515/lists/public/contact/_AO_T-mMN_5UTisMlYNPPYlhtxjNSaNd6gmtkpeCjXH_qREthy25LLaY4OOsA7cdXTLqM5mrxcU0jFZ33ym4cUvjNRbYi_h8h80esdoyxw_w0-tfzqFwPgT8t8S03dBASBcxR68M4q52G/","properties":{"firstname":{"value":"Charles"},"lastmodifieddate":{"value":"1414183318111"},"company":{"value":""},"lastname":{"value":"Gowland"}},"form-submissions":[],"identity-profiles":[{"vid":196181,"saved-at-timestamp":1390569372649,"deleted-changed-timestamp":0,"identities":[{"type":"EMAIL","value":"clg@gburnette.com","timestamp":1390568711002},{"type":"LEAD_GUID","value":"dca0d8a2-fa9c-4ca6-b5ef-c1bfb4a0bed4","timestamp":1390569372636}]}],"merge-audits":[]}],"has-more":true,"vid-offset":196181}'
    http_version: 
  recorded_at: Sat, 10 Jan 2015 14:58:11 GMT
- request:
    method: get
    uri: https://api.hubapi.com/contacts/v1/lists?hapikey=demo
    body:
      encoding: US-ASCII
      string: ''
    headers: {}
  response:
    status:
      code: 200
      message: OK
    headers:
      Access-Control-Allow-Credentials:
      - 'false'
      Content-Type:
      - application/json; charset=UTF-8
      Date:
      - Fri, 20 Feb 2015 19:09:46 GMT
      Vary:
      - Accept-Encoding
      - Accept-Encoding
      Content-Length:
      - '7358'
      Connection:
      - keep-alive
    body:
      encoding: UTF-8
      string: '{"lists":[{"metaData":{"processing":"DONE","size":3355,"error":"","lastProcessingStateChangeAt":1335448864306,"lastSizeChangeAt":1424402567742},"name":"twitterers","dynamic":true,"filters":[[{"property":"twitterhandle","operator":"IS_NOT_EMPTY","withinTimeMode":"PAST"}]],"listType":"DYNAMIC","portalId":62515,"createdAt":1335448813688,"listId":1,"updatedAt":1335448813688,"internalListId":1},{"metaData":{"processing":"DONE","size":4,"error":"","lastProcessingStateChangeAt":1336673990262,"lastSizeChangeAt":1418738702960},"name":"HubSpot-HootSuite
        App","dynamic":false,"filters":[[{"property":"twitterhandle","operator":"IS_NOT_EMPTY","withinTimeMode":"PAST"}]],"portalId":62515,"createdAt":1336673951299,"listId":2,"updatedAt":1336673951299,"internalListId":2},{"metaData":{"processing":"DONE","size":5,"error":"","lastProcessingStateChangeAt":1344891893390,"lastSizeChangeAt":1422468593853},"name":"staticTest","dynamic":false,"filters":[],"listType":"STATIC","portalId":62515,"createdAt":1344891893390,"listId":3,"updatedAt":1344891893390,"internalListId":5},{"metaData":{"processing":"DONE","size":2,"error":"","lastProcessingStateChangeAt":1345057450679,"lastSizeChangeAt":1421930685051},"name":"Workface
        Leads","dynamic":false,"filters":[],"listType":"STATIC","portalId":62515,"createdAt":1345057450679,"listId":4,"updatedAt":1345057450679,"internalListId":6},{"metaData":{"processing":"DONE","size":0,"error":"","lastProcessingStateChangeAt":1352457865767,"lastSizeChangeAt":1356047577025},"name":"stuff","dynamic":true,"filters":[[{"property":"email","value":"venky10596@gmail.com","type":"string","operator":"EQ","withinTimeMode":"PAST"}]],"listType":"DYNAMIC","portalId":62515,"createdAt":1345150315056,"listId":5,"updatedAt":1352457795448,"internalListId":111},{"metaData":{"processing":"DONE","size":1134,"error":"","lastProcessingStateChangeAt":1412965644048,"lastSizeChangeAt":1412965644007},"name":"test1.csv","dynamic":false,"deleted":false,"filters":[],"listType":"STATIC","portalId":62515,"createdAt":1348730165681,"listId":106,"updatedAt":1348730165681,"internalListId":108},{"metaData":{"processing":"DONE","size":0,"error":"","lastProcessingStateChangeAt":1353112579422,"lastSizeChangeAt":1379278698150},"name":"VP
        From LS","dynamic":true,"filters":[[{"property":"created_from_learning_studio","value":"true","type":"enumeration","operator":"SET_EQ","withinTimeMode":"PAST"}]],"listType":"DYNAMIC","portalId":62515,"createdAt":1353112478149,"listId":123,"updatedAt":1353448496108,"internalListId":128},{"metaData":{"processing":"DONE","size":0,"error":"","lastProcessingStateChangeAt":1353435356844,"lastSizeChangeAt":1379278698143},"name":"VP
        Self Signed Up","dynamic":true,"filters":[[{"property":"created_from_learning_studio","value":"true","type":"enumeration","operator":"SET_EQ","withinTimeMode":"PAST"},{"property":"system_generated_password","operator":"IS_EMPTY","withinTimeMode":"PAST"}]],"listType":"DYNAMIC","portalId":62515,"createdAt":1353435268894,"listId":124,"updatedAt":1353435268894,"internalListId":129},{"metaData":{"processing":"DONE","size":0,"error":"","lastProcessingStateChangeAt":1353448911950,"lastSizeChangeAt":1379278604544},"name":"VP
        User Created By Admin","dynamic":true,"filters":[[{"property":"created_from_learning_studio","value":"true","type":"enumeration","operator":"SET_EQ","withinTimeMode":"PAST"},{"property":"system_generated_password","operator":"IS_NOT_EMPTY","withinTimeMode":"PAST"}]],"listType":"DYNAMIC","portalId":62515,"createdAt":1353435309254,"listId":125,"updatedAt":1353448679894,"internalListId":137},{"metaData":{"processing":"DONE","size":0,"error":"","lastProcessingStateChangeAt":1354183186104,"lastSizeChangeAt":1379278698138},"name":"VP
        Test Users","dynamic":true,"filters":[[{"property":"test_user","value":"true","type":"enumeration","operator":"SET_EQ","withinTimeMode":"PAST"}]],"listType":"DYNAMIC","portalId":62515,"createdAt":1353445432440,"listId":126,"updatedAt":1353445432440,"internalListId":141},{"metaData":{"processing":"DONE","size":0,"error":"","lastProcessingStateChangeAt":1353956891525,"lastSizeChangeAt":1379278879425},"name":"Enter
        Photo Contest","dynamic":false,"filters":[],"listType":"STATIC","portalId":62515,"createdAt":1353956891525,"listId":127,"updatedAt":1353956891525,"internalListId":139},{"metaData":{"processing":"DONE","size":0,"error":"","lastProcessingStateChangeAt":1354047260466,"lastSizeChangeAt":1379278348398},"name":"Win
        Golf Stand Bag","dynamic":false,"filters":[],"listType":"STATIC","portalId":62515,"createdAt":1354047260466,"listId":128,"updatedAt":1354047260466,"internalListId":140},{"metaData":{"processing":"DONE","size":0,"error":"","lastProcessingStateChangeAt":1358762885859,"lastSizeChangeAt":1358762885860},"name":"US
        Person","dynamic":true,"filters":[[{"form":"c900bc7334de4ec7921d688c5444e445","operator":"HAS_FILLED_OUT_FORM","withinTimeMode":"PAST"},{"property":"country","operator":"IS_NOT_EMPTY","withinTimeMode":"PAST"}]],"listType":"DYNAMIC","portalId":62515,"createdAt":1358415795285,"listId":132,"updatedAt":1358762858893,"internalListId":154},{"metaData":{"processing":"DONE","size":27,"error":"","lastProcessingStateChangeAt":1379965841604,"lastSizeChangeAt":1422554891450},"name":"Klpz","dynamic":true,"filters":[[{"property":"annualrevenue","value":0,"type":"number","operator":"IS_NOT_EMPTY","withinTimeMode":"PAST"}]],"listType":"DYNAMIC","portalId":62515,"createdAt":1358866329333,"listId":137,"updatedAt":1379965836651,"deleteable":true,"internalListId":273},{"metaData":{"processing":"DONE","size":0,"error":"","lastProcessingStateChangeAt":1360391773728,"lastSizeChangeAt":1409867632129},"name":"pooja.arora@utsavfashion.biz","dynamic":false,"filters":[],"listType":"STATIC","portalId":62515,"createdAt":1360391773728,"listId":140,"updatedAt":1360391773728,"internalListId":158},{"metaData":{"processing":"DONE","size":25,"error":"","lastProcessingStateChangeAt":1360714782028,"lastSizeChangeAt":1416868964666},"name":"tweeters","dynamic":false,"filters":[],"listType":"STATIC","portalId":62515,"createdAt":1360714782028,"listId":145,"updatedAt":1360714782028,"internalListId":163},{"metaData":{"processing":"DONE","size":0,"error":"","lastProcessingStateChangeAt":1360714845104,"lastSizeChangeAt":0},"name":"tweeters2","dynamic":false,"filters":[],"listType":"STATIC","portalId":62515,"createdAt":1360714845104,"listId":146,"updatedAt":1360714845104,"internalListId":164},{"metaData":{"processing":"DONE","size":2,"error":"","lastProcessingStateChangeAt":1360714853388,"lastSizeChangeAt":1399965262559},"name":"tweeters3","dynamic":false,"filters":[],"listType":"STATIC","portalId":62515,"createdAt":1360714853388,"listId":147,"updatedAt":1360714853388,"internalListId":165},{"metaData":{"processing":"DONE","size":0,"error":"","lastProcessingStateChangeAt":1360715752360,"lastSizeChangeAt":0},"name":"tweetersasdf","dynamic":false,"filters":[],"listType":"STATIC","portalId":62515,"createdAt":1360715752360,"listId":148,"updatedAt":1360715752360,"internalListId":166},{"metaData":{"processing":"DONE","size":0,"error":"","lastProcessingStateChangeAt":1360718454238,"lastSizeChangeAt":0},"name":"tweeterszzzzz","dynamic":false,"filters":[],"listType":"STATIC","portalId":62515,"createdAt":1360718454238,"listId":149,"updatedAt":1360718454238,"internalListId":167}],"offset":20,"has-more":true}'
    http_version: 
  recorded_at: Fri, 20 Feb 2015 19:09:46 GMT
recorded_with: VCR 2.4.0
